// Jest Snapshot v1, https://goo.gl/fbAQLP

exports[`CommandHandlerDescriptor filterToPredicate throws error if filter has invalid type 1`] = `"Command predicate has to be a function, a string, an object or class or ShapeCommand.Shape"`;
